
> dashboard@0.1.0 build
> next build

Ôû▓ Next.js 16.1.6 (Turbopack)
- Environments: .env.local
- Experiments (use with caution):
  ┬À serverActions

node.exe : ÔÜá The "middleware" file 
convention is deprecated. Please use 
"proxy" instead. Learn more: https://ne
xtjs.org/docs/messages/middleware-to-pr
oxy
No linha:1 caractere:1
+ & "C:\Program Files\nodejs/node.exe" 
"C:\Program Files\nodejs/node_mo ...
+ ~~~~~~~~~~~~~~~~~~~~~~~~~~~~~~~~~~~~~
~~~~~~~~~~~~~~~~~~~~~~~~~~~~~~~~
    + CategoryInfo          : NotSpeci 
   fied: (ÔÜá The "middle...leware-to  
  -proxy:String) [], RemoteException
    + FullyQualifiedErrorId : NativeCo 
   mmandError
 
  Creating an optimized production build ...
Ô£ô Compiled successfully in 6.5s
  Running TypeScript ...
  Collecting page data using 11 workers ...
Error: supabaseKey is required.
    at instantiateModule (C:\Users\neto
l\OneDrive\Desktop\Projetos\Ind 
arcoverde dashboard\dashboard\.next\ser
ver\chunks\[turbopack]_runtime.js:740:9
)
    at instantiateRuntimeModule (C:\Use
rs\netol\OneDrive\Desktop\Projetos\Ind 
arcoverde dashboard\dashboard\.next\ser
ver\chunks\[turbopack]_runtime.js:768:1
2)
    at getOrInstantiateRuntimeModule (C
:\Users\netol\OneDrive\Desktop\Projetos
\Ind arcoverde dashboard\dashboard\.nex
t\server\chunks\[turbopack]_runtime.js:
781:12)
    at Object.m (C:\Users\netol\OneDriv
e\Desktop\Projetos\Ind arcoverde dashbo
ard\dashboard\.next\server\chunks\[turb
opack]_runtime.js:790:18)
    at Object.<anonymous> (C:\Users\net
ol\OneDrive\Desktop\Projetos\Ind 
arcoverde dashboard\dashboard\.next\ser
ver\app\api\webhooks\optout\route.js:6:
3)

> Build error occurred
Error: Failed to collect page data for 
/api/webhooks/optout
    at ignore-listed frames {
  type: 'Error'
}
